<script src="data/lib.js"></script>
<script src="data/main.js"></script>

<link rel="stylesheet" href="data/lib.css"/>
<link rel="stylesheet" href="data/main.css"/>
