<script src="data/lib.js"></script>
<script src="data/main.js"></script>
