<script src="app.js"></script>

<link rel="stylesheet" href="vendor.css"/>
